[OK] 数据库共 8000 首音频，随机抽 100 首作为 query

[1/100] query = 011262.mp3
   Top-1: Wataridori 2 (66 ms)
   ✅ Top-1 命中

[2/100] query = 022150.mp3
   Top-1: The Horror Approaches (66 ms)
   ✅ Top-1 命中

[3/100] query = 105825.mp3
   Top-1: Beta (64 ms)
   ✅ Top-1 命中

[4/100] query = 004778.mp3
   Top-1: Too Much Fun (65 ms)
   ✅ Top-1 命中

[5/100] query = 097989.mp3
   Top-1: Think Logical (Featuring E FeungShui) (Accapella) (65 ms)
   ✅ Top-1 命中

[6/100] query = 052035.mp3
   Top-1: Kelpies (66 ms)
   ✅ Top-1 命中

[7/100] query = 007529.mp3
   Top-1: Seeking (67 ms)
   ✅ Top-1 命中

[8/100] query = 049408.mp3
   Top-1: 020604 beirut (64 ms)
   ✅ Top-1 命中

[9/100] query = 003880.mp3
   Top-1: Crawling (62 ms)
   ✅ Top-1 命中

[10/100] query = 013707.mp3
   Top-1: For Newspress (57 ms)
   ✅ Top-1 命中

[11/100] query = 086263.mp3
   Top-1: Stay Hungry (63 ms)
   ✅ Top-1 命中

[12/100] query = 004788.mp3
   Top-1: Fire To Burn (64 ms)
   ✅ Top-1 命中

[13/100] query = 148609.mp3
   Top-1: Another Bedlam Romance (65 ms)
   ✅ Top-1 命中

[14/100] query = 137418.mp3
   Top-1: All the Happy People (65 ms)
   ✅ Top-1 命中

[15/100] query = 083717.mp3
   Top-1: Ninety Six (64 ms)
   ✅ Top-1 命中

[16/100] query = 045125.mp3
   Top-1: ONLYGIRL (64 ms)
   ✅ Top-1 命中

[17/100] query = 144933.mp3
   Top-1: Saturday (67 ms)
   ✅ Top-1 命中

[18/100] query = 133440.mp3
   Top-1: Smooth jacket (70 ms)
   ✅ Top-1 命中

[19/100] query = 133435.mp3
   Top-1: Horse ride 2 (76 ms)
   ✅ Top-1 命中

[20/100] query = 070654.mp3
   Top-1: Far Gone (Featuring DJ Def Chad) (Vocal) (74 ms)
   ✅ Top-1 命中

[21/100] query = 038557.mp3
   Top-1: Surfing With My 2 Little Brothers (66 ms)
   ✅ Top-1 命中

[22/100] query = 009962.mp3
   Top-1: Amour (71 ms)
   ✅ Top-1 命中

[23/100] query = 109448.mp3
   Top-1: Brick Song (69 ms)
   ✅ Top-1 命中

[24/100] query = 073771.mp3
   Top-1: Jos jedan od onih dana (67 ms)
   ✅ Top-1 命中

[25/100] query = 133803.mp3
   Top-1: The Ball is Round (66 ms)
   ✅ Top-1 命中

[26/100] query = 108342.mp3
   Top-1: Reckless (68 ms)
   ✅ Top-1 命中

[27/100] query = 053591.mp3
   Top-1: It's Okay, Roseanne (66 ms)
   ✅ Top-1 命中

[28/100] query = 010805.mp3
   Top-1: Super Nude (63 ms)
   ✅ Top-1 命中

[29/100] query = 029039.mp3
   Top-1: malva (instrumental) (65 ms)
   ✅ Top-1 命中

[30/100] query = 043859.mp3
   Top-1: tameka method (pt.1) (66 ms)
   ✅ Top-1 命中

[31/100] query = 137168.mp3
   Top-1: Alcyone (66 ms)
   ✅ Top-1 命中

[32/100] query = 144944.mp3
   Top-1: Stereo / Video (Cutside Remix) (66 ms)
   ✅ Top-1 命中

[33/100] query = 007385.mp3
   Top-1: my imaginary scary home (67 ms)
   ✅ Top-1 命中

[34/100] query = 126491.mp3
   Top-1: I Will Devour (66 ms)
   ✅ Top-1 命中

[35/100] query = 045099.mp3
   Top-1: Spell (57 ms)
   ✅ Top-1 命中

[36/100] query = 097841.mp3
   Top-1: Plop drop (67 ms)
   ✅ Top-1 命中

[37/100] query = 056471.mp3
   Top-1: Karachal (66 ms)
   ✅ Top-1 命中

[38/100] query = 123971.mp3
   Top-1: Freestyle 32 (67 ms)
   ✅ Top-1 命中

[39/100] query = 132954.mp3
   Top-1: Sodomy Dungeon (remastered) (74 ms)
   ✅ Top-1 命中

[40/100] query = 061010.mp3
   Top-1: Week Six (70 ms)
   ✅ Top-1 命中

[41/100] query = 056469.mp3
   Top-1: Yrlaazhyly (65 ms)
   ✅ Top-1 命中

[42/100] query = 047077.mp3
   Top-1: Arpanauts (71 ms)
   ✅ Top-1 命中

[43/100] query = 043026.mp3
   Top-1: Chyraa Khoor (72 ms)
   ✅ Top-1 命中

[44/100] query = 121591.mp3
   Top-1: Everybody Knows (69 ms)
   ✅ Top-1 命中

[45/100] query = 142098.mp3
   Top-1: Lake in the woods (65 ms)
   ✅ Top-1 命中

[46/100] query = 097847.mp3
   Top-1: Unknown Resource (67 ms)
   ✅ Top-1 命中

[47/100] query = 078833.mp3
   Top-1: Akuma (67 ms)
   ✅ Top-1 命中

[48/100] query = 038321.mp3
   Top-1: Door Peeper (69 ms)
   ✅ Top-1 命中

[49/100] query = 113028.mp3
   Top-1: Convicted Jazz Drones (72 ms)
   ✅ Top-1 命中

[50/100] query = 066534.mp3
   Top-1: Gator Foot (71 ms)
   ✅ Top-1 命中

[51/100] query = 142087.mp3
   Top-1: Runnin out of time (64 ms)
   ✅ Top-1 命中

[52/100] query = 013666.mp3
   Top-1: Seven Faces of Him (66 ms)
   ✅ Top-1 命中

[53/100] query = 084136.mp3
   Top-1: Little Big Horn/ Western Radio Transmissions (62 ms)
   ✅ Top-1 命中

[54/100] query = 118952.mp3
   Top-1: Run (66 ms)
   ✅ Top-1 命中

[55/100] query = 070660.mp3
   Top-1: Livin' The Amerikan Dream (65 ms)
   ✅ Top-1 命中

[56/100] query = 116879.mp3
   Top-1: El Siniestro Y La Velóz (65 ms)
   ✅ Top-1 命中

[57/100] query = 060775.mp3
   Top-1: Larkistan (66 ms)
   ✅ Top-1 命中

[58/100] query = 129044.mp3
   Top-1: Streamer (66 ms)
   ✅ Top-1 命中

[59/100] query = 073372.mp3
   Top-1: Garden Theme (67 ms)
   ✅ Top-1 命中

[60/100] query = 055123.mp3
   Top-1: Gun gus gus (dimanche soare) (65 ms)
   ✅ Top-1 命中

[61/100] query = 056020.mp3
   Top-1: A Soft Place (64 ms)
   ✅ Top-1 命中

[62/100] query = 134094.mp3
   Top-1: Live (67 ms)
   ✅ Top-1 命中

[63/100] query = 021404.mp3
   Top-1: Island Grows (65 ms)
   ✅ Top-1 命中

[64/100] query = 110765.mp3
   Top-1: Hellidays (b/w Christmas in Hollis) (65 ms)
   ✅ Top-1 命中

[65/100] query = 139330.mp3
   Top-1: Euclids Ukulele (65 ms)
   ✅ Top-1 命中

[66/100] query = 071230.mp3
   Top-1: Kamikaze (64 ms)
   ✅ Top-1 命中

[67/100] query = 149138.mp3
   Top-1: Blue Jazz Cafe (65 ms)
   ✅ Top-1 命中

[68/100] query = 122473.mp3
   Top-1: "Nina Goes Abroad" (65 ms)
   ✅ Top-1 命中

[69/100] query = 118670.mp3
   Top-1: When The Rains (65 ms)
   ✅ Top-1 命中

[70/100] query = 048491.mp3
   Top-1: Chuperlika (64 ms)
   ✅ Top-1 命中

[71/100] query = 108473.mp3
   Top-1: Sunrise and Sunset (64 ms)
   ✅ Top-1 命中

[72/100] query = 064007.mp3
   Top-1: Nevesta (67 ms)
   ✅ Top-1 命中

[73/100] query = 093364.mp3
   Top-1: This Girl (65 ms)
   ✅ Top-1 命中

[74/100] query = 018112.mp3
   Top-1: Bardos (70 ms)
   ✅ Top-1 命中

[75/100] query = 080516.mp3
   Top-1: Battle (74 ms)
   ✅ Top-1 命中

[76/100] query = 124231.mp3
   Top-1: AVIATION CRAB ORCHESTRA (PACHELBELS CANNON) (70 ms)
   ✅ Top-1 命中

[77/100] query = 115697.mp3
   Top-1: Emphase feat. Cansu (71 ms)
   ✅ Top-1 命中

[78/100] query = 116236.mp3
   Top-1: Deep Window (72 ms)
   ✅ Top-1 命中

[79/100] query = 089195.mp3
   Top-1: Golden Tales (68 ms)
   ✅ Top-1 命中

[80/100] query = 054039.mp3
   Top-1: Life Heart (67 ms)
   ✅ Top-1 命中

[81/100] query = 017610.mp3
   Top-1: Bashtak-la Deesh Meni Kanchaar (67 ms)
   ✅ Top-1 命中

[82/100] query = 079975.mp3
   Top-1: ITA Meda - Milano - Ambience Ext Italy Birds Children IRCA (68 ms)
   ✅ Top-1 命中

[83/100] query = 134948.mp3
   Top-1: -Shupe' (65 ms)
   ✅ Top-1 命中

[84/100] query = 075748.mp3
   Top-1: Yesterday (66 ms)
   ✅ Top-1 命中

[85/100] query = 000714.mp3
   Top-1: Circle Moon (64 ms)
   ✅ Top-1 命中

[86/100] query = 059677.mp3
   Top-1: How Happy I Am (64 ms)
   ✅ Top-1 命中

[87/100] query = 064861.mp3
   Top-1: Herb Pilhofer's Whirlpool (64 ms)
   ✅ Top-1 命中

[88/100] query = 048494.mp3
   Top-1: Mostarski Duchani (64 ms)
   ✅ Top-1 命中

[89/100] query = 112314.mp3
   Top-1: Chameleon (63 ms)
   ✅ Top-1 命中

[90/100] query = 009152.mp3
   Top-1: 1991 (65 ms)
   ✅ Top-1 命中

[91/100] query = 115935.mp3
   Top-1: You are so apricot (65 ms)
   ✅ Top-1 命中

[92/100] query = 013566.mp3
   Top-1: New Pirates (featuring DJ HDL) (63 ms)
   ✅ Top-1 命中

[93/100] query = 118629.mp3
   Top-1: Black Diamond (67 ms)
   ✅ Top-1 命中

[94/100] query = 097894.mp3
   Top-1: Overdose (70 ms)
   ✅ Top-1 命中

[95/100] query = 126182.mp3
   Top-1: Funkymeter (70 ms)
   ✅ Top-1 命中

[96/100] query = 011768.mp3
   Top-1: The Itis Instrumental     {Black ELement} (76 ms)
   ✅ Top-1 命中

[97/100] query = 067763.mp3
   Top-1: The Land Turned Over (65 ms)
   ✅ Top-1 命中

[98/100] query = 116490.mp3
   Top-1: Transit (73 ms)
   ✅ Top-1 命中

[99/100] query = 065077.mp3
   Top-1: [DSR 7001] Bek Suserutz and mildtape - Weisse Nicht redub.mp3 (72 ms)
   ✅ Top-1 命中

[100/100] query = 111151.mp3
   Top-1: Prelude 2 (67 ms)
   ✅ Top-1 命中

============================================================
Top-1 命中: 100/100 (100.0%)
Top-5 命中: 100/100 (100.0%)
平均响应:   67 ms
============================================================
