[OK] 鏁版嵁搴撳叡 8000 棣栭煶棰戯紝闅忔満鎶?10 棣栦綔涓?query

[1/10] query = 113261.mp3
   Top-1: Enxugando o Gelo (11934 ms)
   鉁?Top-1 鍛戒腑

[2/10] query = 021995.mp3
   Top-1: zero rhythm dollar boy (8999 ms)
   鉁?Top-1 鍛戒腑

[3/10] query = 004096.mp3
   Top-1: La Fin Du Monde (9093 ms)
   鉁?Top-1 鍛戒腑

[4/10] query = 123461.mp3
   Top-1: Acoustic Douchedick - Demo Tape Bonus Track 3 (9247 ms)
   鉁?Top-1 鍛戒腑

[5/10] query = 054467.mp3
   Top-1: Chacha Dub (9702 ms)
   鉁?Top-1 鍛戒腑

[6/10] query = 049072.mp3
   Top-1: 266 Chippendale 140706 (9454 ms)
   鉁?Top-1 鍛戒腑

[7/10] query = 045122.mp3
   Top-1: SPACEBRAIN (9519 ms)
   鉁?Top-1 鍛戒腑

[8/10] query = 027981.mp3
   Top-1: Ladrang ASMARADANA, Slendro Ma (9330 ms)
   鉁?Top-1 鍛戒腑

[9/10] query = 122799.mp3
   Top-1: impossible (8939 ms)
   鉁?Top-1 鍛戒腑

[10/10] query = 019413.mp3
   Top-1: Cinnamon Walls (9024 ms)
   鉁?Top-1 鍛戒腑

============================================================
Top-1 鍛戒腑: 10/10 (100.0%)
Top-5 鍛戒腑: 10/10 (100.0%)
骞冲潎鍝嶅簲:   9524 ms
============================================================
