[OK] 鏁版嵁搴撳叡 8000 棣栭煶棰戯紝闅忔満鎶?5 棣栦綔涓?query

[1/5] query = 113261.mp3
   Top-1: Enxugando o Gelo (14658 ms)
   鉁?Top-1 鍛戒腑

[2/5] query = 021995.mp3
   Top-1: zero rhythm dollar boy (11548 ms)
   鉁?Top-1 鍛戒腑

[3/5] query = 004096.mp3
   Top-1: La Fin Du Monde (11590 ms)
   鉁?Top-1 鍛戒腑

[4/5] query = 123461.mp3
   Top-1: Acoustic Douchedick - Demo Tape Bonus Track 3 (11529 ms)
   鉁?Top-1 鍛戒腑

[5/5] query = 054467.mp3
   Top-1: Chacha Dub (11253 ms)
   鉁?Top-1 鍛戒腑

============================================================
Top-1 鍛戒腑: 5/5 (100.0%)
Top-5 鍛戒腑: 5/5 (100.0%)
骞冲潎鍝嶅簲:   12116 ms
============================================================
