馃敟 鍔犺浇寮哄姏 AI 澶ц剳涓?.. 浣跨敤璁惧: cuda
馃幍 鍏辨壘鍒?8000 棣栨瓕鏇诧紝鍑嗗鎵ц銆屾粦鍔ㄧ獥鍙ｃ€嶆寚绾规彁鍙?..
鈴?杩涘害: [50/8000] 宸茬敓鎴?1262 鏉″瓙鎸囩汗...
鈴?杩涘害: [100/8000] 宸茬敓鎴?2533 鏉″瓙鎸囩汗...
鈴?杩涘害: [150/8000] 宸茬敓鎴?3803 鏉″瓙鎸囩汗...
鈴?杩涘害: [200/8000] 宸茬敓鎴?5068 鏉″瓙鎸囩汗...
鈴?杩涘害: [250/8000] 宸茬敓鎴?6346 鏉″瓙鎸囩汗...
鈴?杩涘害: [300/8000] 宸茬敓鎴?7626 鏉″瓙鎸囩汗...
鈴?杩涘害: [350/8000] 宸茬敓鎴?8899 鏉″瓙鎸囩汗...
鈴?杩涘害: [400/8000] 宸茬敓鎴?10171 鏉″瓙鎸囩汗...
鈴?杩涘害: [450/8000] 宸茬敓鎴?11442 鏉″瓙鎸囩汗...
[C:\vcpkg\buildtrees\mpg123\src\-66150af195.clean\src\libmpg123\layer3.c:INT123_do_layer3():1948] error: dequantization failed!
鈴?杩涘害: [500/8000] 宸茬敓鎴?12720 鏉″瓙鎸囩汗...
鈴?杩涘害: [550/8000] 宸茬敓鎴?13990 鏉″瓙鎸囩汗...
鈴?杩涘害: [600/8000] 宸茬敓鎴?15262 鏉″瓙鎸囩汗...
鈴?杩涘害: [650/8000] 宸茬敓鎴?16539 鏉″瓙鎸囩汗...
鈴?杩涘害: [700/8000] 宸茬敓鎴?17814 鏉″瓙鎸囩汗...
鈴?杩涘害: [750/8000] 宸茬敓鎴?19086 鏉″瓙鎸囩汗...
鈴?杩涘害: [800/8000] 宸茬敓鎴?20351 鏉″瓙鎸囩汗...
鈴?杩涘害: [850/8000] 宸茬敓鎴?21620 鏉″瓙鎸囩汗...
鈴?杩涘害: [900/8000] 宸茬敓鎴?22893 鏉″瓙鎸囩汗...
[C:\vcpkg\buildtrees\mpg123\src\-66150af195.clean\src\libmpg123\layer3.c:INT123_do_layer3():1908] error: dequantization failed!
鈴?杩涘害: [950/8000] 宸茬敓鎴?24172 鏉″瓙鎸囩汗...
鈴?杩涘害: [1000/8000] 宸茬敓鎴?25449 鏉″瓙鎸囩汗...
鈴?杩涘害: [1050/8000] 宸茬敓鎴?26717 鏉″瓙鎸囩汗...
鈴?杩涘害: [1100/8000] 宸茬敓鎴?27990 鏉″瓙鎸囩汗...
鈴?杩涘害: [1150/8000] 宸茬敓鎴?29256 鏉″瓙鎸囩汗...
[C:\vcpkg\buildtrees\mpg123\src\-66150af195.clean\src\libmpg123\layer3.c:INT123_do_layer3():1908] error: dequantization failed!
鈴?杩涘害: [1200/8000] 宸茬敓鎴?30531 鏉″瓙鎸囩汗...
鈴?杩涘害: [1250/8000] 宸茬敓鎴?31802 鏉″瓙鎸囩汗...
鈴?杩涘害: [1300/8000] 宸茬敓鎴?33080 鏉″瓙鎸囩汗...
鈴?杩涘害: [1350/8000] 宸茬敓鎴?34351 鏉″瓙鎸囩汗...
鈴?杩涘害: [1400/8000] 宸茬敓鎴?35621 鏉″瓙鎸囩汗...
鈴?杩涘害: [1450/8000] 宸茬敓鎴?36890 鏉″瓙鎸囩汗...
鈴?杩涘害: [1500/8000] 宸茬敓鎴?38166 鏉″瓙鎸囩汗...
鈴?杩涘害: [1550/8000] 宸茬敓鎴?39438 鏉″瓙鎸囩汗...
鈴?杩涘害: [1600/8000] 宸茬敓鎴?40710 鏉″瓙鎸囩汗...
鈴?杩涘害: [1650/8000] 宸茬敓鎴?41978 鏉″瓙鎸囩汗...
鈴?杩涘害: [1700/8000] 宸茬敓鎴?43246 鏉″瓙鎸囩汗...
鈴?杩涘害: [1750/8000] 宸茬敓鎴?44519 鏉″瓙鎸囩汗...
鈴?杩涘害: [1800/8000] 宸茬敓鎴?45792 鏉″瓙鎸囩汗...
鈴?杩涘害: [1850/8000] 宸茬敓鎴?47063 鏉″瓙鎸囩汗...
鈴?杩涘害: [1900/8000] 宸茬敓鎴?48334 鏉″瓙鎸囩汗...
鈴?杩涘害: [1950/8000] 宸茬敓鎴?49609 鏉″瓙鎸囩汗...
鈴?杩涘害: [2000/8000] 宸茬敓鎴?50879 鏉″瓙鎸囩汗...
鈴?杩涘害: [2050/8000] 宸茬敓鎴?52154 鏉″瓙鎸囩汗...
鈴?杩涘害: [2100/8000] 宸茬敓鎴?53431 鏉″瓙鎸囩汗...
鈴?杩涘害: [2150/8000] 宸茬敓鎴?54704 鏉″瓙鎸囩汗...
鈴?杩涘害: [2200/8000] 宸茬敓鎴?55973 鏉″瓙鎸囩汗...
鈴?杩涘害: [2250/8000] 宸茬敓鎴?57245 鏉″瓙鎸囩汗...
[C:\vcpkg\buildtrees\mpg123\src\-66150af195.clean\src\libmpg123\layer3.c:INT123_do_layer3():1880] error: part2_3_length (3360) too large for available bit count (3240)
[C:\vcpkg\buildtrees\mpg123\src\-66150af195.clean\src\libmpg123\layer3.c:INT123_do_layer3():1880] error: part2_3_length (3328) too large for available bit count (3240)
鈴?杩涘害: [2300/8000] 宸茬敓鎴?58510 鏉″瓙鎸囩汗...
鈴?杩涘害: [2350/8000] 宸茬敓鎴?59783 鏉″瓙鎸囩汗...
鈴?杩涘害: [2400/8000] 宸茬敓鎴?61053 鏉″瓙鎸囩汗...
鈴?杩涘害: [2450/8000] 宸茬敓鎴?62327 鏉″瓙鎸囩汗...
鈴?杩涘害: [2500/8000] 宸茬敓鎴?63599 鏉″瓙鎸囩汗...
鈴?杩涘害: [2550/8000] 宸茬敓鎴?64867 鏉″瓙鎸囩汗...
鈴?杩涘害: [2600/8000] 宸茬敓鎴?66136 鏉″瓙鎸囩汗...
鈴?杩涘害: [2650/8000] 宸茬敓鎴?67402 鏉″瓙鎸囩汗...
鈴?杩涘害: [2700/8000] 宸茬敓鎴?68675 鏉″瓙鎸囩汗...
鈴?杩涘害: [2750/8000] 宸茬敓鎴?69947 鏉″瓙鎸囩汗...
鈴?杩涘害: [2800/8000] 宸茬敓鎴?71220 鏉″瓙鎸囩汗...
鈴?杩涘害: [2850/8000] 宸茬敓鎴?72496 鏉″瓙鎸囩汗...
鈴?杩涘害: [2900/8000] 宸茬敓鎴?73767 鏉″瓙鎸囩汗...
鈴?杩涘害: [2950/8000] 宸茬敓鎴?75044 鏉″瓙鎸囩汗...
鈴?杩涘害: [3000/8000] 宸茬敓鎴?76314 鏉″瓙鎸囩汗...
鈴?杩涘害: [3050/8000] 宸茬敓鎴?77582 鏉″瓙鎸囩汗...
鈴?杩涘害: [3100/8000] 宸茬敓鎴?78853 鏉″瓙鎸囩汗...
鈴?杩涘害: [3150/8000] 宸茬敓鎴?80118 鏉″瓙鎸囩汗...
鈴?杩涘害: [3200/8000] 宸茬敓鎴?81388 鏉″瓙鎸囩汗...
鈴?杩涘害: [3250/8000] 宸茬敓鎴?82657 鏉″瓙鎸囩汗...
鈴?杩涘害: [3300/8000] 宸茬敓鎴?83930 鏉″瓙鎸囩汗...
鈴?杩涘害: [3350/8000] 宸茬敓鎴?85201 鏉″瓙鎸囩汗...
鈴?杩涘害: [3400/8000] 宸茬敓鎴?86472 鏉″瓙鎸囩汗...
鈴?杩涘害: [3450/8000] 宸茬敓鎴?87740 鏉″瓙鎸囩汗...
鈴?杩涘害: [3500/8000] 宸茬敓鎴?89007 鏉″瓙鎸囩汗...
鈴?杩涘害: [3550/8000] 宸茬敓鎴?90272 鏉″瓙鎸囩汗...
鈴?杩涘害: [3600/8000] 宸茬敓鎴?91540 鏉″瓙鎸囩汗...
鈴?杩涘害: [3650/8000] 宸茬敓鎴?92807 鏉″瓙鎸囩汗...
鈴?杩涘害: [3700/8000] 宸茬敓鎴?94083 鏉″瓙鎸囩汗...
鈴?杩涘害: [3750/8000] 宸茬敓鎴?95357 鏉″瓙鎸囩汗...
鈴?杩涘害: [3800/8000] 宸茬敓鎴?96625 鏉″瓙鎸囩汗...
鈴?杩涘害: [3850/8000] 宸茬敓鎴?97897 鏉″瓙鎸囩汗...
鈴?杩涘害: [3900/8000] 宸茬敓鎴?99160 鏉″瓙鎸囩汗...
鈴?杩涘害: [3950/8000] 宸茬敓鎴?100432 鏉″瓙鎸囩汗...
鈴?杩涘害: [4000/8000] 宸茬敓鎴?101702 鏉″瓙鎸囩汗...
鈴?杩涘害: [4050/8000] 宸茬敓鎴?102972 鏉″瓙鎸囩汗...
鈴?杩涘害: [4100/8000] 宸茬敓鎴?104243 鏉″瓙鎸囩汗...
鈴?杩涘害: [4150/8000] 宸茬敓鎴?105513 鏉″瓙鎸囩汗...
鈴?杩涘害: [4200/8000] 宸茬敓鎴?106786 鏉″瓙鎸囩汗...
鈴?杩涘害: [4250/8000] 宸茬敓鎴?108057 鏉″瓙鎸囩汗...
鈴?杩涘害: [4300/8000] 宸茬敓鎴?109324 鏉″瓙鎸囩汗...
鈴?杩涘害: [4350/8000] 宸茬敓鎴?110590 鏉″瓙鎸囩汗...
鈴?杩涘害: [4400/8000] 宸茬敓鎴?111866 鏉″瓙鎸囩汗...
Note: Illegal Audio-MPEG-Header 0x00000000 at offset 33361.
Note: Trying to resync...
Note: Skipped 1024 bytes in input.
[C:\vcpkg\buildtrees\mpg123\src\-66150af195.clean\src\libmpg123\parse.c:wetwork():1389] error: Giving up resync after 1024 bytes - your stream is not nice... (maybe increasing resync limit could help).
D:\pycharm_projects\music_search_experimental_field\batch_extract.py:67: UserWarning: PySoundFile failed. Trying audioread instead.
  y, sr = librosa.load(file_path, sr=22050, duration=30.0)
D:\pycharm_projects\music_search_experimental_field\.conda\Lib\site-packages\librosa\core\audio.py:184: FutureWarning: librosa.core.audio.__audioread_load
	Deprecated as of librosa version 0.10.0.
	It will be removed in librosa version 1.0.
  y, sr_native = __audioread_load(path, offset, duration, dtype)
Note: Illegal Audio-MPEG-Header 0x00000000 at offset 22401.
Note: Trying to resync...
Note: Skipped 1024 bytes in input.
[C:\vcpkg\buildtrees\mpg123\src\-66150af195.clean\src\libmpg123\parse.c:wetwork():1389] error: Giving up resync after 1024 bytes - your stream is not nice... (maybe increasing resync limit could help).
[C:\vcpkg\buildtrees\mpg123\src\-66150af195.clean\src\libmpg123\layer3.c:INT123_do_layer3():1908] error: dequantization failed!
Note: Illegal Audio-MPEG-Header 0x00000000 at offset 63168.
Note: Trying to resync...
Note: Skipped 1024 bytes in input.
[C:\vcpkg\buildtrees\mpg123\src\-66150af195.clean\src\libmpg123\parse.c:wetwork():1389] error: Giving up resync after 1024 bytes - your stream is not nice... (maybe increasing resync limit could help).
鈴?杩涘害: [4450/8000] 宸茬敓鎴?113065 鏉″瓙鎸囩汗...
[C:\vcpkg\buildtrees\mpg123\src\-66150af195.clean\src\libmpg123\parse.c:do_readahead():1123] warning: Cannot read next header, a one-frame stream? Duh...
鈴?杩涘害: [4500/8000] 宸茬敓鎴?114314 鏉″瓙鎸囩汗...
鈴?杩涘害: [4550/8000] 宸茬敓鎴?115585 鏉″瓙鎸囩汗...
鈴?杩涘害: [4600/8000] 宸茬敓鎴?116859 鏉″瓙鎸囩汗...
鈴?杩涘害: [4650/8000] 宸茬敓鎴?118135 鏉″瓙鎸囩汗...
鈴?杩涘害: [4700/8000] 宸茬敓鎴?119401 鏉″瓙鎸囩汗...
鈴?杩涘害: [4750/8000] 宸茬敓鎴?120673 鏉″瓙鎸囩汗...
鈴?杩涘害: [4800/8000] 宸茬敓鎴?121947 鏉″瓙鎸囩汗...
鈴?杩涘害: [4850/8000] 宸茬敓鎴?123214 鏉″瓙鎸囩汗...
鈴?杩涘害: [4900/8000] 宸茬敓鎴?124486 鏉″瓙鎸囩汗...
[C:\vcpkg\buildtrees\mpg123\src\-66150af195.clean\src\libmpg123\parse.c:do_readahead():1123] warning: Cannot read next header, a one-frame stream? Duh...
鈴?杩涘害: [4950/8000] 宸茬敓鎴?125731 鏉″瓙鎸囩汗...
鈴?杩涘害: [5000/8000] 宸茬敓鎴?127001 鏉″瓙鎸囩汗...
鈴?杩涘害: [5050/8000] 宸茬敓鎴?128275 鏉″瓙鎸囩汗...
鈴?杩涘害: [5100/8000] 宸茬敓鎴?129545 鏉″瓙鎸囩汗...
鈴?杩涘害: [5150/8000] 宸茬敓鎴?130816 鏉″瓙鎸囩汗...
鈴?杩涘害: [5200/8000] 宸茬敓鎴?132086 鏉″瓙鎸囩汗...
鈴?杩涘害: [5250/8000] 宸茬敓鎴?133361 鏉″瓙鎸囩汗...
鈴?杩涘害: [5300/8000] 宸茬敓鎴?134634 鏉″瓙鎸囩汗...
鈴?杩涘害: [5350/8000] 宸茬敓鎴?135896 鏉″瓙鎸囩汗...
鈴?杩涘害: [5400/8000] 宸茬敓鎴?137163 鏉″瓙鎸囩汗...
鈴?杩涘害: [5450/8000] 宸茬敓鎴?138432 鏉″瓙鎸囩汗...
鈴?杩涘害: [5500/8000] 宸茬敓鎴?139701 鏉″瓙鎸囩汗...
鈴?杩涘害: [5550/8000] 宸茬敓鎴?140971 鏉″瓙鎸囩汗...
鈴?杩涘害: [5600/8000] 宸茬敓鎴?142236 鏉″瓙鎸囩汗...
鈴?杩涘害: [5650/8000] 宸茬敓鎴?143502 鏉″瓙鎸囩汗...
鈴?杩涘害: [5700/8000] 宸茬敓鎴?144764 鏉″瓙鎸囩汗...
鈴?杩涘害: [5750/8000] 宸茬敓鎴?146035 鏉″瓙鎸囩汗...
鈴?杩涘害: [5800/8000] 宸茬敓鎴?147306 鏉″瓙鎸囩汗...
鈴?杩涘害: [5850/8000] 宸茬敓鎴?148575 鏉″瓙鎸囩汗...
鈴?杩涘害: [5900/8000] 宸茬敓鎴?149844 鏉″瓙鎸囩汗...
鈴?杩涘害: [5950/8000] 宸茬敓鎴?151107 鏉″瓙鎸囩汗...
鈴?杩涘害: [6000/8000] 宸茬敓鎴?152385 鏉″瓙鎸囩汗...
鈴?杩涘害: [6050/8000] 宸茬敓鎴?153654 鏉″瓙鎸囩汗...
鈴?杩涘害: [6100/8000] 宸茬敓鎴?154924 鏉″瓙鎸囩汗...
鈴?杩涘害: [6150/8000] 宸茬敓鎴?156195 鏉″瓙鎸囩汗...
鈴?杩涘害: [6200/8000] 宸茬敓鎴?157468 鏉″瓙鎸囩汗...
鈴?杩涘害: [6250/8000] 宸茬敓鎴?158739 鏉″瓙鎸囩汗...
鈴?杩涘害: [6300/8000] 宸茬敓鎴?160006 鏉″瓙鎸囩汗...
鈴?杩涘害: [6350/8000] 宸茬敓鎴?161278 鏉″瓙鎸囩汗...
鈴?杩涘害: [6400/8000] 宸茬敓鎴?162551 鏉″瓙鎸囩汗...
鈴?杩涘害: [6450/8000] 宸茬敓鎴?163826 鏉″瓙鎸囩汗...
鈴?杩涘害: [6500/8000] 宸茬敓鎴?165093 鏉″瓙鎸囩汗...
鈴?杩涘害: [6550/8000] 宸茬敓鎴?166366 鏉″瓙鎸囩汗...
鈴?杩涘害: [6600/8000] 宸茬敓鎴?167633 鏉″瓙鎸囩汗...
鈴?杩涘害: [6650/8000] 宸茬敓鎴?168909 鏉″瓙鎸囩汗...
鈴?杩涘害: [6700/8000] 宸茬敓鎴?170180 鏉″瓙鎸囩汗...
鈴?杩涘害: [6750/8000] 宸茬敓鎴?171444 鏉″瓙鎸囩汗...
鈴?杩涘害: [6800/8000] 宸茬敓鎴?172725 鏉″瓙鎸囩汗...
鈴?杩涘害: [6850/8000] 宸茬敓鎴?173988 鏉″瓙鎸囩汗...
鈴?杩涘害: [6900/8000] 宸茬敓鎴?175251 鏉″瓙鎸囩汗...
鈴?杩涘害: [6950/8000] 宸茬敓鎴?176512 鏉″瓙鎸囩汗...
[C:\vcpkg\buildtrees\mpg123\src\-66150af195.clean\src\libmpg123\parse.c:do_readahead():1123] warning: Cannot read next header, a one-frame stream? Duh...
鈴?杩涘害: [7000/8000] 宸茬敓鎴?177759 鏉″瓙鎸囩汗...
鈴?杩涘害: [7050/8000] 宸茬敓鎴?179033 鏉″瓙鎸囩汗...
鈴?杩涘害: [7100/8000] 宸茬敓鎴?180307 鏉″瓙鎸囩汗...
鈴?杩涘害: [7150/8000] 宸茬敓鎴?181579 鏉″瓙鎸囩汗...
鈴?杩涘害: [7200/8000] 宸茬敓鎴?182845 鏉″瓙鎸囩汗...
鈴?杩涘害: [7250/8000] 宸茬敓鎴?184117 鏉″瓙鎸囩汗...
鈴?杩涘害: [7300/8000] 宸茬敓鎴?185394 鏉″瓙鎸囩汗...
鈴?杩涘害: [7350/8000] 宸茬敓鎴?186665 鏉″瓙鎸囩汗...
鈴?杩涘害: [7400/8000] 宸茬敓鎴?187940 鏉″瓙鎸囩汗...
鈴?杩涘害: [7450/8000] 宸茬敓鎴?189210 鏉″瓙鎸囩汗...
鈴?杩涘害: [7500/8000] 宸茬敓鎴?190475 鏉″瓙鎸囩汗...
鈴?杩涘害: [7550/8000] 宸茬敓鎴?191745 鏉″瓙鎸囩汗...
鈴?杩涘害: [7600/8000] 宸茬敓鎴?193021 鏉″瓙鎸囩汗...
鈴?杩涘害: [7650/8000] 宸茬敓鎴?194296 鏉″瓙鎸囩汗...
鈴?杩涘害: [7700/8000] 宸茬敓鎴?195568 鏉″瓙鎸囩汗...
鈴?杩涘害: [7750/8000] 宸茬敓鎴?196841 鏉″瓙鎸囩汗...
鈴?杩涘害: [7800/8000] 宸茬敓鎴?198106 鏉″瓙鎸囩汗...
鈴?杩涘害: [7850/8000] 宸茬敓鎴?199372 鏉″瓙鎸囩汗...
鈴?杩涘害: [7900/8000] 宸茬敓鎴?200645 鏉″瓙鎸囩汗...
鈴?杩涘害: [7950/8000] 宸茬敓鎴?201921 鏉″瓙鎸囩汗...
鈴?杩涘害: [8000/8000] 宸茬敓鎴?203200 鏉″瓙鎸囩汗...
馃帀 鍙茶瘲绾ф寚绾瑰簱寤哄簱瀹屾垚锛?000棣栨瓕鏇茶鍙樻垚浜?203200 鏉℃姉閿欎綅瀛愭寚绾癸紒
